Welcome to
 ░▒▓██████▓▒░░▒▓███████▓▒░░▒▓███████▓▒░ ░▒▓███████▓▒░ 
░▒▓█▓▒░░▒▓█▓▒░▒▓█▓▒░░▒▓█▓▒░▒▓█▓▒░░▒▓█▓▒░▒▓█▓▒░        
░▒▓█▓▒░      ░▒▓█▓▒░░▒▓█▓▒░▒▓█▓▒░░▒▓█▓▒░▒▓█▓▒░        
░▒▓█▓▒▒▓███▓▒░▒▓███████▓▒░░▒▓███████▓▒░ ░▒▓██████▓▒░  
░▒▓█▓▒░░▒▓█▓▒░▒▓█▓▒░░▒▓█▓▒░▒▓█▓▒░░▒▓█▓▒░      ░▒▓█▓▒░ 
░▒▓█▓▒░░▒▓█▓▒░▒▓█▓▒░░▒▓█▓▒░▒▓█▓▒░░▒▓█▓▒░      ░▒▓█▓▒░ 
 ░▒▓██████▓▒░░▒▓███████▓▒░░▒▓███████▓▒░░▒▓███████▓▒░  
                                                      
                                                      ver 0.7 alpha